
> corely@0.1.0 build
> prisma generate && next build

node.exe : Loaded Prisma config from prisma.config.ts.
At line:1 char:1
+ & "C:\Program Files\nodejs/node.exe" "C:\Program Files\nodejs/node_mo ...
+ ~~~~~~~~~~~~~~~~~~~~~~~~~~~~~~~~~~~~~~~~~~~~~~~~~~~~~~~~~~~~~~~~~~~~~
    + CategoryInfo          : NotSpecified: (Loaded Prisma c...isma.config.ts.:String) [], RemoteException
    + FullyQualifiedErrorId : NativeCommandError
 

Prisma schema loaded from prisma\schema.prisma.

Γ£ö Generated Prisma Client (v7.8.0) to .\node_modules\@prisma\client in 139ms

Start by importing your Prisma Client (See: https://pris.ly/d/importing-client)


 ΓÜá Warning: Next.js inferred your workspace root, but it may not be correct.
 We detected multiple lockfiles and selected the directory of D:\Projects\Company Brain\package-lock.json as the root 
directory.
 To silence this warning, set `outputFileTracingRoot` in your Next.js config, or consider removing one of the 
lockfiles if it's not needed.
   See https://nextjs.org/docs/app/api-reference/config/next-config-js/output#caveats for more information.
 Detected additional lockfiles: 
   * D:\Projects\Company Brain\corely\package-lock.json

   Γû▓ Next.js 15.5.18
   - Environments: .env.local, .env

   Creating an optimized production build ...
Failed to compile.

./app/dashboard/sources/components/SourcesMain.tsx
Error:   [31mx[0m Expected a semicolon
      ,-[[36;1;4mD:\Projects\Company Brain\corely\app\dashboard\sources\components\SourcesMain.tsx[0m:1887:1]
 [2m1884[0m |         }),
 [2m1885[0m |       });
 [2m1886[0m |           permissions
 [2m1887[0m |         }),
      : [35;1m         ^[0m
 [2m1888[0m |       });
 [2m1889[0m | 
 [2m1890[0m |       if (!configRes.ok) {
      `----
  [31mx[0m Expression expected
      ,-[[36;1;4mD:\Projects\Company Brain\corely\app\dashboard\sources\components\SourcesMain.tsx[0m:1887:1]
 [2m1884[0m |         }),
 [2m1885[0m |       });
 [2m1886[0m |           permissions
 [2m1887[0m |         }),
      : [35;1m         ^[0m
 [2m1888[0m |       });
 [2m1889[0m | 
 [2m1890[0m |       if (!configRes.ok) {
      `----

Caused by:
    Syntax Error

Import trace for requested module:
./app/dashboard/sources/components/SourcesMain.tsx
./app/dashboard/sources/page.tsx


> Build failed because of webpack errors
